// Jest Snapshot v1, https://goo.gl/fbAQLP

exports[`Layout renders correctly 1`] = `
<div
  className="MuiBox-root MuiBox-root-2"
>
  <div
    className="MuiLinearProgress-root MuiLinearProgress-colorPrimary MuiLinearProgress-indeterminate"
    role="progressbar"
  >
    <div
      className="MuiLinearProgress-bar MuiLinearProgress-barColorPrimary MuiLinearProgress-bar1Indeterminate"
      style={Object {}}
    />
    <div
      className="MuiLinearProgress-bar MuiLinearProgress-bar2Indeterminate MuiLinearProgress-barColorPrimary"
      style={Object {}}
    />
  </div>
  <div
    className="MuiLinearProgress-root MuiLinearProgress-colorPrimary MuiLinearProgress-indeterminate"
    role="progressbar"
  >
    <div
      className="MuiLinearProgress-bar MuiLinearProgress-barColorPrimary MuiLinearProgress-bar1Indeterminate"
      style={Object {}}
    />
    <div
      className="MuiLinearProgress-bar MuiLinearProgress-bar2Indeterminate MuiLinearProgress-barColorPrimary"
      style={Object {}}
    />
  </div>
</div>
`;

exports[`Spinner renders correctly 1`] = `
<div
  className="MuiBox-root MuiBox-root-2"
>
  <div
    className="MuiLinearProgress-root MuiLinearProgress-colorPrimary MuiLinearProgress-indeterminate"
    role="progressbar"
  >
    <div
      className="MuiLinearProgress-bar MuiLinearProgress-barColorPrimary MuiLinearProgress-bar1Indeterminate"
      style={Object {}}
    />
    <div
      className="MuiLinearProgress-bar MuiLinearProgress-bar2Indeterminate MuiLinearProgress-barColorPrimary"
      style={Object {}}
    />
  </div>
  <div
    className="MuiLinearProgress-root MuiLinearProgress-colorPrimary MuiLinearProgress-indeterminate"
    role="progressbar"
  >
    <div
      className="MuiLinearProgress-bar MuiLinearProgress-barColorPrimary MuiLinearProgress-bar1Indeterminate"
      style={Object {}}
    />
    <div
      className="MuiLinearProgress-bar MuiLinearProgress-bar2Indeterminate MuiLinearProgress-barColorPrimary"
      style={Object {}}
    />
  </div>
</div>
`;
